env: load .env
env: export EXPO_PUBLIC_BASE_URL
› Planning build
› Clean Succeeded
› Executing react-native Pods/hermes-engine » [CP-User] [Hermes] Replace Hermes for the right configuration, if needed
› Executing react-native Pods/ReactNativeDependencies » [CP-User] [RNDeps] Replace React Native Dependencies for the right configuration, if needed
› Preparing Pods/React-cxxreact-React-cxxreact_privacy » ResourceBundle-React-cxxreact_privacy-React-cxxreact-Info.plist
› Copying   React-cxxreact/React-cxxreact_privacy.bundle/PrivacyInfo.xcprivacy ➜ node_modules/react-native/ReactCommon/cxxreact/PrivacyInfo.xcprivacy
› Preparing Pods/React-Core-React-Core_privacy » ResourceBundle-React-Core_privacy-React-Core-Info.plist
› Copying   React-Core/React-Core_privacy.bundle/PrivacyInfo.xcprivacy ➜ node_modules/react-native/React/Resources/PrivacyInfo.xcprivacy
› Preparing Pods/RNSVG-RNSVGFilters » ResourceBundle-RNSVGFilters-RNSVG-Info.plist
› Copying   RNSVG/RNSVGFilters.bundle/RNSVGCompositeXor.iphoneos.metallib ➜ node_modules/react-native-svg/apple/Filters/MetalCI/RNSVGCompositeXor.iphoneos.metallib
› Copying   RNSVG/RNSVGFilters.bundle/RNSVGArithmeticFilter.iphoneos.metallib ➜ node_modules/react-native-svg/apple/Filters/MetalCI/RNSVGArithmeticFilter.iphoneos.metallib
› Executing react-native Pods/ReactNativeDependencies » [CP] Copy XCFrameworks
› Preparing Pods/RNPermissions-RNPermissionsPrivacyInfo » ResourceBundle-RNPermissionsPrivacyInfo-RNPermissions-Info.plist
› Copying   RNPermissions/RNPermissionsPrivacyInfo.bundle/PrivacyInfo.xcprivacy ➜ node_modules/react-native-permissions/ios/PrivacyInfo.xcprivacy
› Creating  Pods/React-cxxreact-React-cxxreact_privacy » React-cxxreact_privacy.bundle
› Preparing Pods/RNCAsyncStorage-RNCAsyncStorage_resources » ResourceBundle-RNCAsyncStorage_resources-RNCAsyncStorage-Info.plist
› Copying   RNCAsyncStorage/RNCAsyncStorage_resources.bundle/PrivacyInfo.xcprivacy ➜ node_modules/@react-native-async-storage/async-storage/ios/PrivacyInfo.xcprivacy
› Creating  Pods/React-Core-React-Core_privacy » React-Core_privacy.bundle
› Preparing Pods/ExpoSystemUI-ExpoSystemUI_privacy » ResourceBundle-ExpoSystemUI_privacy-ExpoSystemUI-Info.plist
› Copying   ExpoSystemUI/ExpoSystemUI_privacy.bundle/PrivacyInfo.xcprivacy ➜ node_modules/expo-system-ui/ios/PrivacyInfo.xcprivacy
› Creating  Pods/RNSVG-RNSVGFilters » RNSVGFilters.bundle
› Preparing Pods/ExpoNotifications-ExpoNotifications_privacy » ResourceBundle-ExpoNotifications_privacy-ExpoNotifications-Info.plist
› Copying   ExpoNotifications/ExpoNotifications_privacy.bundle/PrivacyInfo.xcprivacy ➜ node_modules/expo-notifications/ios/PrivacyInfo.xcprivacy
› Creating  Pods/RNPermissions-RNPermissionsPrivacyInfo » RNPermissionsPrivacyInfo.bundle
› Preparing Pods/ExpoFileSystem-ExpoFileSystem_privacy » ResourceBundle-ExpoFileSystem_privacy-ExpoFileSystem-Info.plist
› Creating  Pods/RNCAsyncStorage-RNCAsyncStorage_resources » RNCAsyncStorage_resources.bundle
› Preparing Pods/ExpoDevice-ExpoDevice_privacy » ResourceBundle-ExpoDevice_privacy-ExpoDevice-Info.plist
› Copying   ExpoDevice/ExpoDevice_privacy.bundle/PrivacyInfo.xcprivacy ➜ node_modules/expo-device/ios/PrivacyInfo.xcprivacy
› Creating  Pods/ExpoSystemUI-ExpoSystemUI_privacy » ExpoSystemUI_privacy.bundle
› Creating  Pods/ExpoNotifications-ExpoNotifications_privacy » ExpoNotifications_privacy.bundle
› Preparing Pods/EXConstants-ExpoConstants_privacy » ResourceBundle-ExpoConstants_privacy-EXConstants-Info.plist
› Copying   EXConstants/ExpoConstants_privacy.bundle/PrivacyInfo.xcprivacy ➜ node_modules/expo-constants/ios/PrivacyInfo.xcprivacy
› Preparing expo-constants Pods/EXConstants-EXConstants » ResourceBundle-EXConstants-EXConstants-Info.plist
› Creating  Pods/ExpoFileSystem-ExpoFileSystem_privacy » ExpoFileSystem_privacy.bundle
› Preparing Pods/EXApplication-ExpoApplication_privacy » ResourceBundle-ExpoApplication_privacy-EXApplication-Info.plist
› Copying   EXApplication/ExpoApplication_privacy.bundle/PrivacyInfo.xcprivacy ➜ node_modules/expo-application/ios/PrivacyInfo.xcprivacy
› Creating  Pods/ExpoDevice-ExpoDevice_privacy » ExpoDevice_privacy.bundle
› Creating  Pods/EXConstants-ExpoConstants_privacy » ExpoConstants_privacy.bundle
› Creating  expo-constants Pods/EXConstants-EXConstants » EXConstants.bundle
› Executing react-native Pods/hermes-engine » [CP] Copy XCFrameworks
› Creating  Pods/EXApplication-ExpoApplication_privacy » ExpoApplication_privacy.bundle
› Executing react-native Pods/React-Core-prebuilt » [CP-User] [RNCore] Replace React Native Core for the right configuration, if needed
› Executing react-native Pods/React-Core-prebuilt » [CP] Copy XCFrameworks
› Preparing Pods/expo-dev-menu-EXDevMenu » ResourceBundle-EXDevMenu-expo-dev-menu-Info.plist
› Creating  Pods/expo-dev-menu-EXDevMenu » EXDevMenu.bundle
› Compiling expo-json-utils Pods/EXJSONUtils » NSDictionary+EXJSONUtils.m
› Compiling expo-dev-menu-interface Pods/expo-dev-menu-interface » expo-dev-menu-interface-dummy.m
› Compiling expo-json-utils Pods/EXJSONUtils » EXJSONUtils-dummy.m
› Compiling react-native-pager-view Pods/SwiftUIIntrospect » SwiftUIIntrospect-dummy.m
› Packaging react-native-pager-view Pods/SwiftUIIntrospect » libSwiftUIIntrospect.a
› Packaging expo-dev-menu-interface Pods/expo-dev-menu-interface » libexpo-dev-menu-interface.a
› Executing expo-dev-menu-interface Pods/expo-dev-menu-interface » Copy generated compatibility header
› Executing react-native-pager-view Pods/SwiftUIIntrospect » Copy generated compatibility header
› Packaging expo-json-utils Pods/EXJSONUtils » libEXJSONUtils.a
› Preparing Pods/expo-dev-launcher-EXDevLauncher » ResourceBundle-EXDevLauncher-expo-dev-launcher-Info.plist
› Creating  Pods/expo-dev-launcher-EXDevLauncher » EXDevLauncher.bundle
› Executing expo-modules-jsi Pods/ExpoModulesJSI » [CP-User] Build ExpoModulesJSI xcframework

❌  (node_modules/expo-modules-jsi/apple/Sources/ExpoModulesJSI/Contexts/HostFunctionContext.swift:3:12)

  1 | /// Context that captures Swift values to pass them to JSI host function as an unmanaged pointer for interoperability with C++.
  2 | internal final class HostFunctionContext: Sendable {
> 3 |   weak let runtime: JavaScriptRuntime?
    |            ^ 'weak' must be a mutable variable, because it may change at runtime
  4 |   let name: String?
  5 |   let call: JavaScriptRuntime.SyncFunctionClosure
  6 |


❌  (node_modules/expo-modules-jsi/apple/Sources/ExpoModulesJSI/Contexts/HostObjectContext.swift:8:12)

   6 |   typealias Deallocator = @JavaScriptActor () -> Void
   7 |
>  8 |   weak let runtime: JavaScriptRuntime?
     |            ^ 'weak' must be a mutable variable, because it may change at runtime
   9 |   let get: Getter
  10 |   let set: Setter?
  11 |   let getPropertyNames: PropertyNamesGetter


❌  (node_modules/expo-modules-jsi/apple/Sources/ExpoModulesJSI/Runtime/JavaScriptActor.swift:79:20)

  77 | /// An actor that is dedicated for the specific runtime.
  78 | internal actor JavaScriptRuntimeActor {
> 79 |   private weak let runtime: JavaScriptRuntime?
     |                    ^ 'weak' must be a mutable variable, because it may change at runtime
  80 |   nonisolated private let executor: JavaScriptExecutor
  81 |
  82 |   init(runtime: JavaScriptRuntime) {


❌  (node_modules/expo-modules-jsi/apple/Sources/ExpoModulesJSI/Runtime/JavaScriptActor.swift:98:20)

   96 | /// Serial executor dedicated for the specific runtime.
   97 | internal final class JavaScriptRuntimeExecutor: JavaScriptExecutor, @unchecked Sendable {
>  98 |   private weak let runtime: JavaScriptRuntime?
      |                    ^ 'weak' must be a mutable variable, because it may change at runtime
   99 |
  100 |   init(runtime: JavaScriptRuntime) {
  101 |     self.runtime = runtime


❌  (node_modules/expo-modules-jsi/apple/Sources/ExpoModulesJSI/Runtime/JavaScriptPropNameID.swift:5:20)

  3 | /// Represents something that can be a JS property key.
  4 | public final class JavaScriptPropNameID: JavaScriptType {
> 5 |   private weak let runtime: JavaScriptRuntime?
    |                    ^ 'weak' must be a mutable variable, because it may change at runtime
  6 |   internal let pointee: facebook.jsi.PropNameID
  7 |
  8 |   /// Creates a PropNameID from existing `facebook.jsi.PropNameID`.


❌  (node_modules/expo-modules-jsi/apple/Sources/ExpoModulesJSI/Runtime/Values/JavaScriptArray.swift:8:21)

   6 | /// to the underlying JavaScript array and provides Swift-friendly APIs for common array operations.
   7 | public struct JavaScriptArray: JavaScriptType, ~Copyable {
>  8 |   internal weak let runtime: JavaScriptRuntime?
     |                     ^ 'weak' must be a mutable variable, because it may change at runtime
   9 |   internal let pointee: facebook.jsi.Array
  10 |
  11 |   /// Creates a new JavaScript array with the specified length.


❌  (node_modules/expo-modules-jsi/apple/Sources/ExpoModulesJSI/Runtime/Values/JavaScriptArrayBuffer.swift:9:21)

   7 | /// underlying raw data pointer and size of the buffer.
   8 | public struct JavaScriptArrayBuffer: ~Copyable {
>  9 |   internal weak let runtime: JavaScriptRuntime?
     |                     ^ 'weak' must be a mutable variable, because it may change at runtime
  10 |   internal let pointee: facebook.jsi.ArrayBuffer
  11 |
  12 |   internal init(_ runtime: JavaScriptRuntime, _ arrayBuffer: consuming facebook.jsi.ArrayBuffer) {


❌  (node_modules/expo-modules-jsi/apple/Sources/ExpoModulesJSI/Runtime/Values/JavaScriptBigInt.swift:40:21)

  38 | /// You must explicitly convert between them.
  39 | public struct JavaScriptBigInt: JavaScriptType, Sendable, ~Copyable {
> 40 |   internal weak let runtime: JavaScriptRuntime?
     |                     ^ 'weak' must be a mutable variable, because it may change at runtime
  41 |   internal var pointee: facebook.jsi.BigInt
  42 |
  43 |   /// Creates a BigInt from an existing JSI BigInt.


❌  (node_modules/expo-modules-jsi/apple/Sources/ExpoModulesJSI/Runtime/Values/JavaScriptError.swift:5:20)

  3 |
  4 | public struct JavaScriptError: JavaScriptType, ~Copyable {
> 5 |   private weak let runtime: JavaScriptRuntime?
    |                    ^ 'weak' must be a mutable variable, because it may change at runtime
  6 |   nonisolated(unsafe) private let pointee: facebook.jsi.JSError
  7 |
  8 |   internal init(_ runtime: JavaScriptRuntime, _ error: facebook.jsi.JSError) {


❌  (node_modules/expo-modules-jsi/apple/Sources/ExpoModulesJSI/Runtime/Values/JavaScriptFunction.swift:7:21)

   5 |
   6 | public struct JavaScriptFunction: JavaScriptType, ~Copyable {
>  7 |   internal weak let runtime: JavaScriptRuntime?
     |                     ^ 'weak' must be a mutable variable, because it may change at runtime
   8 |   internal let pointee: facebook.jsi.Function
   9 |
  10 |   internal init(_ runtime: JavaScriptRuntime, _ pointee: consuming facebook.jsi.Function) {


❌  (node_modules/expo-modules-jsi/apple/Sources/ExpoModulesJSI/Runtime/Values/JavaScriptObject.swift:9:21)

   7 | /// supporting property access, modification, enumeration, prototype manipulation, and function calling.
   8 | public struct JavaScriptObject: JavaScriptType, Sendable, ~Copyable {
>  9 |   internal weak let runtime: JavaScriptRuntime?
     |                     ^ 'weak' must be a mutable variable, because it may change at runtime
  10 |   internal var pointee: facebook.jsi.Object
  11 |
  12 |   /// Creates a new object in the given runtime.


❌  (node_modules/expo-modules-jsi/apple/Sources/ExpoModulesJSI/Runtime/Values/JavaScriptPromise.swift:13:20)

  11 |   private typealias PromiseContinuation = CheckedContinuation<JavaScriptValue.Ref, any Error>
  12 |
> 13 |   private weak let runtime: JavaScriptRuntime?
     |                    ^ 'weak' must be a mutable variable, because it may change at runtime
  14 |   private var object: JavaScriptObject
  15 |   private let deferredPromise = DeferredPromise()
  16 |


❌  (node_modules/expo-modules-jsi/apple/Sources/ExpoModulesJSI/Runtime/Values/JavaScriptTypedArray.swift:11:21)

   9 |
  10 | public struct JavaScriptTypedArray: ~Copyable {
> 11 |   internal weak let runtime: JavaScriptRuntime?
     |                     ^ 'weak' must be a mutable variable, because it may change at runtime
  12 |   internal let pointee: facebook.jsi.Object
  13 |
  14 |   /// The underlying `ArrayBuffer` backing this typed array. Stored alongside `pointee`


❌  (node_modules/expo-modules-jsi/apple/Sources/ExpoModulesJSI/Runtime/Values/JavaScriptValue.swift:10:21)

   8 | /// and stored in containers that don't support non-copyable types etc.
   9 | public final class JavaScriptValue: JavaScriptType, Equatable, Escapable, Error {
> 10 |   internal weak let runtime: JavaScriptRuntime?
     |                     ^ 'weak' must be a mutable variable, because it may change at runtime
  11 |   internal let pointee: facebook.jsi.Value
  12 |
  13 |   /// Initializer from the existing JSI value.


❌  (node_modules/expo-modules-jsi/apple/Sources/ExpoModulesJSI/Runtime/Values/JavaScriptWeakObject.swift:8:21)

   6 | /// the object is eligible for GC. Method names are inspired by C++ `std::weak_ptr`.
   7 | public struct JavaScriptWeakObject: JavaScriptType, ~Copyable {
>  8 |   internal weak let runtime: JavaScriptRuntime?
     |                     ^ 'weak' must be a mutable variable, because it may change at runtime
   9 |   internal let pointee: facebook.jsi.WeakObject
  10 |
  11 |   /// Initializes a weak object with the underlying JSI weak object.


❌  (node_modules/expo-modules-jsi/apple/Sources/ExpoModulesJSI/Contexts/HostFunctionContext.swift:3:12)

  1 | /// Context that captures Swift values to pass them to JSI host function as an unmanaged pointer for interoperability with C++.
  2 | internal final class HostFunctionContext: Sendable {
> 3 |   weak let runtime: JavaScriptRuntime?
    |            ^ 'weak' must be a mutable variable, because it may change at runtime
  4 |   let name: String?
  5 |   let call: JavaScriptRuntime.SyncFunctionClosure
  6 |


❌  (node_modules/expo-modules-jsi/apple/Sources/ExpoModulesJSI/Contexts/HostObjectContext.swift:8:12)

   6 |   typealias Deallocator = @JavaScriptActor () -> Void
   7 |
>  8 |   weak let runtime: JavaScriptRuntime?
     |            ^ 'weak' must be a mutable variable, because it may change at runtime
   9 |   let get: Getter
  10 |   let set: Setter?
  11 |   let getPropertyNames: PropertyNamesGetter


❌  (node_modules/expo-modules-jsi/apple/Sources/ExpoModulesJSI/Runtime/JavaScriptActor.swift:79:20)

  77 | /// An actor that is dedicated for the specific runtime.
  78 | internal actor JavaScriptRuntimeActor {
> 79 |   private weak let runtime: JavaScriptRuntime?
     |                    ^ 'weak' must be a mutable variable, because it may change at runtime
  80 |   nonisolated private let executor: JavaScriptExecutor
  81 |
  82 |   init(runtime: JavaScriptRuntime) {


❌  (node_modules/expo-modules-jsi/apple/Sources/ExpoModulesJSI/Runtime/JavaScriptActor.swift:98:20)

   96 | /// Serial executor dedicated for the specific runtime.
   97 | internal final class JavaScriptRuntimeExecutor: JavaScriptExecutor, @unchecked Sendable {
>  98 |   private weak let runtime: JavaScriptRuntime?
      |                    ^ 'weak' must be a mutable variable, because it may change at runtime
   99 |
  100 |   init(runtime: JavaScriptRuntime) {
  101 |     self.runtime = runtime


❌  (node_modules/expo-modules-jsi/apple/Sources/ExpoModulesJSI/Runtime/JavaScriptPropNameID.swift:5:20)

  3 | /// Represents something that can be a JS property key.
  4 | public final class JavaScriptPropNameID: JavaScriptType {
> 5 |   private weak let runtime: JavaScriptRuntime?
    |                    ^ 'weak' must be a mutable variable, because it may change at runtime
  6 |   internal let pointee: facebook.jsi.PropNameID
  7 |
  8 |   /// Creates a PropNameID from existing `facebook.jsi.PropNameID`.


❌  (node_modules/expo-modules-jsi/apple/Sources/ExpoModulesJSI/Runtime/Values/JavaScriptArray.swift:8:21)

   6 | /// to the underlying JavaScript array and provides Swift-friendly APIs for common array operations.
   7 | public struct JavaScriptArray: JavaScriptType, ~Copyable {
>  8 |   internal weak let runtime: JavaScriptRuntime?
     |                     ^ 'weak' must be a mutable variable, because it may change at runtime
   9 |   internal let pointee: facebook.jsi.Array
  10 |
  11 |   /// Creates a new JavaScript array with the specified length.


❌  (node_modules/expo-modules-jsi/apple/Sources/ExpoModulesJSI/Runtime/Values/JavaScriptArrayBuffer.swift:9:21)

   7 | /// underlying raw data pointer and size of the buffer.
   8 | public struct JavaScriptArrayBuffer: ~Copyable {
>  9 |   internal weak let runtime: JavaScriptRuntime?
     |                     ^ 'weak' must be a mutable variable, because it may change at runtime
  10 |   internal let pointee: facebook.jsi.ArrayBuffer
  11 |
  12 |   internal init(_ runtime: JavaScriptRuntime, _ arrayBuffer: consuming facebook.jsi.ArrayBuffer) {


❌  (node_modules/expo-modules-jsi/apple/Sources/ExpoModulesJSI/Runtime/Values/JavaScriptBigInt.swift:40:21)

  38 | /// You must explicitly convert between them.
  39 | public struct JavaScriptBigInt: JavaScriptType, Sendable, ~Copyable {
> 40 |   internal weak let runtime: JavaScriptRuntime?
     |                     ^ 'weak' must be a mutable variable, because it may change at runtime
  41 |   internal var pointee: facebook.jsi.BigInt
  42 |
  43 |   /// Creates a BigInt from an existing JSI BigInt.


❌  (node_modules/expo-modules-jsi/apple/Sources/ExpoModulesJSI/Runtime/Values/JavaScriptError.swift:5:20)

  3 |
  4 | public struct JavaScriptError: JavaScriptType, ~Copyable {
> 5 |   private weak let runtime: JavaScriptRuntime?
    |                    ^ 'weak' must be a mutable variable, because it may change at runtime
  6 |   nonisolated(unsafe) private let pointee: facebook.jsi.JSError
  7 |
  8 |   internal init(_ runtime: JavaScriptRuntime, _ error: facebook.jsi.JSError) {


❌  (node_modules/expo-modules-jsi/apple/Sources/ExpoModulesJSI/Runtime/Values/JavaScriptFunction.swift:7:21)

   5 |
   6 | public struct JavaScriptFunction: JavaScriptType, ~Copyable {
>  7 |   internal weak let runtime: JavaScriptRuntime?
     |                     ^ 'weak' must be a mutable variable, because it may change at runtime
   8 |   internal let pointee: facebook.jsi.Function
   9 |
  10 |   internal init(_ runtime: JavaScriptRuntime, _ pointee: consuming facebook.jsi.Function) {


❌  (node_modules/expo-modules-jsi/apple/Sources/ExpoModulesJSI/Runtime/Values/JavaScriptObject.swift:9:21)

   7 | /// supporting property access, modification, enumeration, prototype manipulation, and function calling.
   8 | public struct JavaScriptObject: JavaScriptType, Sendable, ~Copyable {
>  9 |   internal weak let runtime: JavaScriptRuntime?
     |                     ^ 'weak' must be a mutable variable, because it may change at runtime
  10 |   internal var pointee: facebook.jsi.Object
  11 |
  12 |   /// Creates a new object in the given runtime.


❌  (node_modules/expo-modules-jsi/apple/Sources/ExpoModulesJSI/Runtime/Values/JavaScriptPromise.swift:13:20)

  11 |   private typealias PromiseContinuation = CheckedContinuation<JavaScriptValue.Ref, any Error>
  12 |
> 13 |   private weak let runtime: JavaScriptRuntime?
     |                    ^ 'weak' must be a mutable variable, because it may change at runtime
  14 |   private var object: JavaScriptObject
  15 |   private let deferredPromise = DeferredPromise()
  16 |


❌  (node_modules/expo-modules-jsi/apple/Sources/ExpoModulesJSI/Runtime/Values/JavaScriptTypedArray.swift:11:21)

   9 |
  10 | public struct JavaScriptTypedArray: ~Copyable {
> 11 |   internal weak let runtime: JavaScriptRuntime?
     |                     ^ 'weak' must be a mutable variable, because it may change at runtime
  12 |   internal let pointee: facebook.jsi.Object
  13 |
  14 |   /// The underlying `ArrayBuffer` backing this typed array. Stored alongside `pointee`


❌  (node_modules/expo-modules-jsi/apple/Sources/ExpoModulesJSI/Runtime/Values/JavaScriptValue.swift:10:21)

   8 | /// and stored in containers that don't support non-copyable types etc.
   9 | public final class JavaScriptValue: JavaScriptType, Equatable, Escapable, Error {
> 10 |   internal weak let runtime: JavaScriptRuntime?
     |                     ^ 'weak' must be a mutable variable, because it may change at runtime
  11 |   internal let pointee: facebook.jsi.Value
  12 |
  13 |   /// Initializer from the existing JSI value.


❌  (node_modules/expo-modules-jsi/apple/Sources/ExpoModulesJSI/Runtime/Values/JavaScriptWeakObject.swift:8:21)

   6 | /// the object is eligible for GC. Method names are inspired by C++ `std::weak_ptr`.
   7 | public struct JavaScriptWeakObject: JavaScriptType, ~Copyable {
>  8 |   internal weak let runtime: JavaScriptRuntime?
     |                     ^ 'weak' must be a mutable variable, because it may change at runtime
   9 |   internal let pointee: facebook.jsi.WeakObject
  10 |
  11 |   /// Initializes a weak object with the underlying JSI weak object.

› Executing react-native Pods/React-RCTFBReactNativeSpec » [CP-User] [RN]Check FBReactNativeSpec
› Compiling react-native-fs Pods/RNFS » NSArray+Map.m
› Compiling react-native-fs Pods/RNFS » RNFS-dummy.m
› Compiling react-native-fs Pods/RNFS » Downloader.m
› Compiling @expo/log-box Pods/ExpoLogBox » ExpoRedBoxSwap.mm
› Compiling react-native-fs Pods/RNFS » Uploader.m
› Compiling @expo/log-box Pods/ExpoLogBox » ExpoLogBox-dummy.m
› Executing evn-genco3-internal Pods/ReactCodegen » [CP-User] Generate Specs
› Compiling react-native-fs Pods/RNFS » RNFSManager.m
› Packaging @expo/log-box Pods/ExpoLogBox » libExpoLogBox.a
› Executing @expo/log-box Pods/ExpoLogBox » Copy generated compatibility header
› Packaging react-native-fs Pods/RNFS » libRNFS.a
› Executing evn-genco3-internal Pods/ReactCodegen » [Expo] Remove duplicate codegen output
› Compiling evn-genco3-internal Pods/ReactCodegen » States.cpp
› Compiling evn-genco3-internal Pods/ReactCodegen » safeareacontext-generated.mm
› Compiling evn-genco3-internal Pods/ReactCodegen » States.cpp
› Compiling evn-genco3-internal Pods/ReactCodegen » rnworklets-generated.mm
› Compiling evn-genco3-internal Pods/ReactCodegen » rnsvg-generated.mm
› Compiling evn-genco3-internal Pods/ReactCodegen » rnscreens-generated.mm
› Compiling evn-genco3-internal Pods/ReactCodegen » rnreanimated-generated.mm
› Compiling evn-genco3-internal Pods/ReactCodegen » rngesturehandler_codegen-generated.mm
› Compiling evn-genco3-internal Pods/ReactCodegen » rnasyncstorage-generated.mm
› Compiling evn-genco3-internal Pods/ReactCodegen » States.cpp
› Compiling evn-genco3-internal Pods/ReactCodegen » States.cpp
› Compiling evn-genco3-internal Pods/ReactCodegen » States.cpp
› Compiling evn-genco3-internal Pods/ReactCodegen » States.cpp
› Compiling evn-genco3-internal Pods/ReactCodegen » ShadowNodes.cpp
› Compiling evn-genco3-internal Pods/ReactCodegen » ShadowNodes.cpp
› Compiling evn-genco3-internal Pods/ReactCodegen » ShadowNodes.cpp
› Compiling evn-genco3-internal Pods/ReactCodegen » ShadowNodes.cpp
› Compiling evn-genco3-internal Pods/ReactCodegen » ShadowNodes.cpp
› Compiling evn-genco3-internal Pods/ReactCodegen » ShadowNodes.cpp
› Compiling evn-genco3-internal Pods/ReactCodegen » RNPermissionsSpec-generated.mm
› Compiling evn-genco3-internal Pods/ReactCodegen » RNCWebViewSpec-generated.mm
› Compiling evn-genco3-internal Pods/ReactCodegen » RCTUnstableModulesRequiringMainQueueSetupProvider.mm
› Compiling evn-genco3-internal Pods/ReactCodegen » RCTThirdPartyComponentsProvider.mm
⚠️  Script has ambiguous dependencies causing it to run on every build.
   To fix, go to: Xcode » EPSTRAINING/EPSTRAINING » Build Phases » '[Expo Dev Launcher] Strip Local Network Keys for Release'
   Either: Uncheck "Based on dependency analysis", or select output files to trigger the script


› 30 error(s), and 1 warning(s)

CommandError: Failed to build iOS project. "xcodebuild" exited with error code 65.
